// Jest Snapshot v1, https://goo.gl/fbAQLP

exports[`Para Component should render correctly and match snapshot 1`] = `ShallowWrapper {}`;
