// Jest Snapshot v1, https://goo.gl/fbAQLP

exports[`<List /> should render default view correctly 1`] = `ShallowWrapper {}`;
