// Jest Snapshot v1, https://goo.gl/fbAQLP

exports[`Hide component should render correctly and match snapshot 1`] = `
<Anchor
  className="hide-btn"
  handleClick={[Function]}
  target="_self"
  to=""
>
  hide
</Anchor>
`;
